// 同步 ID: 7459e65d @ Wed Jul 15 21:07:50 UTC 2026
// 同步 ID: e036e3c9 @ Fri Jul 17 11:47:12 UTC 2026
// 重构日志: 1b56e80c
// 重构日志: 2eb5d73f
// 同步 ID: 34327571 @ Sat Jul 18 14:51:54 UTC 2026
// 重构日志: 31946ee9
// 重构日志: 8b63a533
// 重构日志: 5ee231fd
// 重构日志: da89bc26
// 同步 ID: 4eba2896 @ Tue Jul 21 08:10:35 UTC 2026
// 重构日志: 17fa4ba5
// 同步 ID: 7228b39a @ Thu Jul 23 01:07:31 UTC 2026
// 重构日志: eb3d6c3f
// 重构日志: ee2ed6ae
// 同步 ID: d4e6f075 @ Sat Jul 25 01:44:17 UTC 2026
// 重构日志: 5b6eaef4
// 重构日志: f87a5d39
// 重构日志: 5164d2c7
// 重构日志: e019abd5
// 重构日志: 58cdbf69
// 重构日志: 904f74ae
// 同步 ID: 02562375 @ Mon Jul 27 06:01:32 UTC 2026
// 重构日志: 45688ed2
// 同步 ID: a4a3c53d @ Fri Jul 31 02:00:02 UTC 2026
// 同步 ID: b6cdc59b @ Fri Jul 31 08:35:53 UTC 2026
// 同步 ID: da7e4a99 @ Fri Jul 31 14:06:25 UTC 2026
// 同步 ID: 01b775f5 @ Sat Aug  1 23:06:31 UTC 2026
// 重构日志: e39f879d
// 重构日志: 7b794de8
// 同步 ID: e7671ec2 @ Mon Aug  3 00:02:30 UTC 2026
